153604749
434493545
175481884
109240474
14234293
30703828
12298169
742003
3364042
185500
772781
441872
94647
4913
55433
13307
3050
1890
2941
986
369
344
197
64
20
11
10
3
1
1
0
0
0
0
0
0
0
0
0
0
0
0
0
0
0
0
0
0
0
0
0
0
0
0
0
0
0
0
0
0
