297847819
121071721
174427691
75933215
29749461
2712893
8918486
232236
2681445
73601
11608
427405
160638
20703
10215
19687
12391
5217
265
1772
69
356
179
27
53
21
10
6
2
1
0
0
0
0
0
0
0
0
0
0
0
0
0
0
0
0
0
0
0
0
0
0
0
0
0
0
0
0
0
0
