157906813
241057044
71929961
103875325
28011064
11754361
13892393
2331986
2273082
1742481
259946
314745
207506
26816
51008
25799
4916
7084
509
1235
53
450
186
13
13
24
14
6
0
0
0
0
0
0
0
0
0
0
0
0
0
0
0
0
0
0
0
0
0
0
0
0
0
0
0
0
0
0
0
0
