703865366051588852
36047903969061829
54624104363301890
89954344617872673
3696070065928973
9384512367609141
539791304079856
5228204815785764
2410898519336637
1721310830957797
239537703670762
95555329443655
243806104923602
115073219439156
60392321132755
3464991764245
10875982674203
6836910983795
920135497243
1570934285525
748903509736
16713972146
528832376
19386784317
3904426618
27445435598
13057531764
6213734758
2935077953
1774260375
761848538
440685461
180551614
93866417
46195159
2608471
1849436
5919056
3019777
1738913
754458
54881
33389
99100
56250
26606
126
579
16
181
879
413
12
104
51
1
13
0
0
1
