7
5180436
28382574
31463804
356168
649312
99980001
8330
6273372
491436
18
2688
45006003
15
6
160056
5
6
417252
