109624
23493257
5336
393525
4
323
660
666
11464218
2268
5727
12635568
5092
8531665
3984
99980001
12002763
12698918
197964
103488
80500093
20297706
2856
45
56391312
2
56682598
39514816
5073
14
302157
3417
36
35
16177761
11376162
101673
6660962
551815
41777664
6
269625
27219192
5330
64
489055
235375
6
12309780
2065
180
6
534204
3619
4
9576512
350436
212979
51055998
52807545
19860558
2432
5368
18
457812
46875
117392
588744
301824
1536
423951
296989
3692
1887
18644562
302096
4575569
264
53044992
455
36430486
48
163339
21308670
4992
8
15
40
80934
8272
590112
23843706
