0
Invalid
946179272
386364087
386364087
386364087
415937285
Invalid
Invalid
597165840
597165840
Invalid
Invalid
597165840
278784499
278784499
590088239
Invalid
Invalid
862724604
817297238
394847727
Invalid
Invalid
Invalid
Invalid
578074934
Invalid
Invalid
Invalid
578451425
578451425
224733194
Invalid
617039081
Invalid
Invalid
699468109
699468109
699468109
Invalid
699468109
553001291
777567754
777567754
777567754
Invalid
777567754
449696472
Invalid
465315985
Invalid
Invalid
465315985
Invalid
Invalid
Invalid
Invalid
416015676
Invalid
Invalid
Invalid
Invalid
951965392
Invalid
570367458
4159246
Invalid
Invalid
Invalid
Invalid
Invalid
970784208
970784208
Invalid
Invalid
846208552
Invalid
891186182
Invalid
981611713
374221929
992605925
449449411
449449411
65681883
62869555
Invalid
Invalid
Invalid
Invalid
846208552
Invalid
Invalid
891186182
Invalid
521878346
Invalid
Invalid
472388559
Invalid
472388559
1428501
377603307
Invalid
122549422
Invalid
794377450
Invalid
Invalid
Invalid
645794845
568612435
1428501
Invalid
Invalid
Invalid
Invalid
Invalid
1428501
Invalid
1428501
213843836
213843836
777567754
777567754
52384970
Invalid
276897684
276897684
Invalid
Invalid
493601049
Invalid
508886424
777567754
Invalid
432609200
432609200
213843836
Invalid
432609200
Invalid
276897684
846208552
50509435
846208552
846208552
846208552
508886424
508886424
508886424
889477081
889477081
846208552
50509435
384349374
384349374
384349374
384349374
50509435
584528446
Invalid
Invalid
Invalid
584528446
708634308
442518256
Invalid
Invalid
442518256
Invalid
Invalid
Invalid
708634308
708634308
Invalid
439772658
Invalid
160773768
Invalid
160773768
160773768
Invalid
Invalid
984269622
44376017
Invalid
Invalid
673062298
431649508
893667177
Invalid
431649508
893667177
431649508
Invalid
Invalid
431649508
685007303
685007303
Invalid
685007303
65681883
65681883
554027873
Invalid
Invalid
554027873
Invalid
Invalid
Invalid
Invalid
135993785
135993785
295714283
295714283
Invalid
295714283
Invalid
56111314
Invalid
235609472
499805958
235609472
235609472
Invalid
Invalid
235609472
Invalid
Invalid
235609472
Invalid
Invalid
105785688
Invalid
Invalid
105785688
Invalid
Invalid
199850193
Invalid
Invalid
Invalid
199850193
Invalid
Invalid
Invalid
Invalid
911893091
911893091
Invalid
Invalid
Invalid
831544474
831544474
Invalid
Invalid
231707837
Invalid
891302454
891302454
891302454
231707837
Invalid
853529180
Invalid
Invalid
853529180
Invalid
806931084
806931084
806931084
Invalid
Invalid
557739385
Invalid
395414807
395414807
Invalid
Invalid
Invalid
27577548
487495207
487495207
Invalid
Invalid
588384556
121151220
121151220
415422672
415422672
Invalid
Invalid
Invalid
Invalid
Invalid
Invalid
572803428
Invalid
497142356
Invalid
497142356
Invalid
802496510
802496510
Invalid
436771642
436771642
546426945
Invalid
546426945
Invalid
971215028
Invalid
546426945
Invalid
92943144
92943144
92943144
Invalid
92943144
Invalid
Invalid
Invalid
Invalid
244261650
253970832
Invalid
Invalid
Invalid
Invalid
462939390
Invalid
Invalid
Invalid
319818325
Invalid
253970832
Invalid
Invalid
Invalid
27577548
917460815
Invalid
53007430
Invalid
339184899
Invalid
946672421
946672421
Invalid
196246769
17883237
617689549
Invalid
319818325
Invalid
Invalid
319818325
319818325
617689549
263280980
568318440
568318440
Invalid
748999465
Invalid
Invalid
Invalid
232630576
Invalid
Invalid
Invalid
Invalid
Invalid
396412131
Invalid
27417913
346076456
447569217
Invalid
262562955
Invalid
Invalid
542658413
542658413
Invalid
Invalid
Invalid
140161340
140161340
71770894
Invalid
232630576
232630576
95939292
Invalid
858991129
Invalid
Invalid
218384074
218384074
Invalid
Invalid
Invalid
542658413
Invalid
518807865
510273942
Invalid
Invalid
715254746
Invalid
946672421
946672421
Invalid
Invalid
Invalid
946672421
715254746
Invalid
946672421
Invalid
Invalid
110355902
Invalid
Invalid
450448064
450448064
24073306
Invalid
65126918
Invalid
Invalid
Invalid
Invalid
Invalid
385909856
Invalid
Invalid
Invalid
245804413
Invalid
984818441
Invalid
Invalid
951295493
951295493
951295493
984818441
Invalid
984818441
Invalid
Invalid
98888034
Invalid
98888034
98888034
Invalid
791451414
507206121
872947597
872947597
