Invalid
Invalid
Invalid
169763905
Invalid
Invalid
Invalid
Invalid
9935618
Invalid
9935618
Invalid
Invalid
823108963
823108963
Invalid
Invalid
823108963
18318411
18318411
18318411
Invalid
648402170
6760521
Invalid
943252549
Invalid
Invalid
Invalid
731338034
731338034
Invalid
731338034
Invalid
Invalid
Invalid
897498046
Invalid
897498046
Invalid
Invalid
696760451
840774183
Invalid
840774183
798187057
Invalid
Invalid
798187057
Invalid
823431462
Invalid
840774183
Invalid
Invalid
284105638
Invalid
Invalid
Invalid
Invalid
Invalid
534986329
534986329
Invalid
Invalid
503488952
Invalid
823431462
503488952
677586552
677586552
Invalid
13747564
Invalid
Invalid
Invalid
Invalid
Invalid
Invalid
968919055
Invalid
899597756
572562725
Invalid
Invalid
433727414
Invalid
Invalid
Invalid
Invalid
Invalid
396575133
Invalid
Invalid
854340945
Invalid
854340945
Invalid
854340945
Invalid
854340945
Invalid
396575133
Invalid
456648509
Invalid
Invalid
Invalid
Invalid
572562725
Invalid
189234534
Invalid
Invalid
Invalid
Invalid
27488268
Invalid
27488268
252411813
146768752
114200490
Invalid
70685275
70685275
70685275
Invalid
Invalid
Invalid
312526379
768935741
768935741
25490019
25490019
951041391
276975731
276975731
386664297
316073620
Invalid
Invalid
Invalid
436940983
436940983
Invalid
Invalid
859706926
Invalid
581334046
879427599
879427599
854340945
Invalid
Invalid
230044054
Invalid
Invalid
Invalid
Invalid
843096053
843096053
843096053
230044054
843096053
Invalid
Invalid
Invalid
Invalid
Invalid
Invalid
Invalid
138654608
255459188
255459188
463183694
Invalid
463183694
463183694
Invalid
376132955
Invalid
Invalid
160045268
830705990
830705990
Invalid
Invalid
Invalid
Invalid
839986866
574190122
574190122
Invalid
656872483
Invalid
Invalid
690035755
Invalid
656872483
656872483
839986866
839986866
801251525
Invalid
Invalid
785266548
Invalid
744715782
246647315
246647315
Invalid
Invalid
451206741
137429394
137429394
137429394
137429394
137429394
Invalid
87965050
Invalid
822862615
87965050
87965050
87965050
Invalid
87965050
Invalid
499008499
499008499
781687720
Invalid
Invalid
Invalid
407017852
Invalid
Invalid
Invalid
Invalid
552178186
811466670
Invalid
Invalid
Invalid
Invalid
Invalid
Invalid
Invalid
246756193
Invalid
175017843
175017843
Invalid
676630111
Invalid
942811078
Invalid
897429299
897429299
897429299
897429299
676630111
Invalid
Invalid
Invalid
62416168
454497005
Invalid
Invalid
241106510
241106510
Invalid
833640144
Invalid
369001545
Invalid
Invalid
Invalid
935007093
Invalid
Invalid
935007093
Invalid
Invalid
935007093
Invalid
Invalid
Invalid
Invalid
857394676
Invalid
64876992
Invalid
64876992
Invalid
Invalid
Invalid
64876992
Invalid
Invalid
64876992
202382374
632258850
681730432
Invalid
499815534
938944994
938944994
Invalid
938944994
938944994
114450444
Invalid
Invalid
Invalid
660321488
Invalid
660321488
660321488
Invalid
660321488
660321488
Invalid
402252844
402252844
Invalid
Invalid
Invalid
Invalid
Invalid
547382291
Invalid
Invalid
Invalid
966842894
127218549
Invalid
Invalid
741113569
741113569
741113569
Invalid
937459377
Invalid
Invalid
Invalid
Invalid
Invalid
Invalid
30660433
Invalid
442941433
442941433
Invalid
Invalid
442941433
442941433
442941433
Invalid
287976353
287976353
287976353
287976353
287976353
Invalid
442941433
Invalid
Invalid
Invalid
689408883
Invalid
745736896
745736896
Invalid
47337680
626568767
Invalid
Invalid
Invalid
Invalid
177389610
177389610
Invalid
336545095
792605639
Invalid
Invalid
Invalid
Invalid
336545095
Invalid
Invalid
216660445
216660445
Invalid
Invalid
336545095
Invalid
336545095
Invalid
Invalid
Invalid
216660445
Invalid
968479343
968479343
Invalid
968479343
Invalid
Invalid
968479343
648791164
Invalid
648791164
272421510
272421510
272421510
272421510
Invalid
562954932
562954932
Invalid
Invalid
485663790
485663790
485663790
Invalid
431342396
Invalid
Invalid
Invalid
648791164
648791164
Invalid
856154926
Invalid
597084474
444431558
444431558
455712110
648791164
Invalid
886754887
886754887
Invalid
Invalid
648791164
Invalid
886754887
886754887
Invalid
Invalid
886754887
886754887
Invalid
Invalid
852466742
744730488
159714702
852466742
852466742
Invalid
852466742
Invalid
769744140
804768811
342154825
342154825
342154825
Invalid
322572800
239712850
Invalid
267348907
322572800
Invalid
Invalid
845883362
598786193
Invalid
Invalid
806444806
806444806
806444806
806444806
Invalid
