Invalid
232566849
232566849
414463421
414463421
Invalid
Invalid
Invalid
414463421
414463421
Invalid
414463421
414463421
261330565
261330565
261330565
Invalid
Invalid
539041769
539041769
Invalid
Invalid
Invalid
765076369
765076369
765076369
765076369
765076369
765076369
646399857
261330565
Invalid
261330565
261330565
Invalid
Invalid
Invalid
Invalid
603740891
152632316
Invalid
152632316
152632316
604953294
Invalid
Invalid
806359821
806359821
806359821
261330565
261330565
Invalid
Invalid
Invalid
528042240
Invalid
353192088
806359821
649471902
Invalid
Invalid
604953294
604953294
604953294
Invalid
467250912
467250912
289738367
807613404
807613404
Invalid
788758322
424008614
Invalid
Invalid
646722049
646722049
Invalid
69876497
557419813
Invalid
Invalid
981930636
516925237
516925237
Invalid
Invalid
Invalid
Invalid
Invalid
833311783
Invalid
900863891
833311783
833311783
900863891
Invalid
749062786
593096016
Invalid
Invalid
709763771
Invalid
Invalid
Invalid
Invalid
807613404
Invalid
Invalid
245750888
201046694
894420438
Invalid
Invalid
843882482
917958945
917958945
Invalid
24408393
Invalid
Invalid
Invalid
159495070
Invalid
820906522
820906522
350757369
Invalid
159495070
159495070
159495070
Invalid
Invalid
Invalid
512752527
Invalid
Invalid
118210004
Invalid
Invalid
Invalid
Invalid
Invalid
Invalid
280203298
280203298
Invalid
762178830
184672618
808440141
Invalid
Invalid
347488457
242052775
242052775
762178830
Invalid
873107288
Invalid
135294225
561796262
Invalid
Invalid
741605222
Invalid
Invalid
762178830
762178830
241759426
241759426
241759426
241759426
241759426
Invalid
91877182
36542810
36542810
817738153
Invalid
Invalid
Invalid
909750328
75592464
Invalid
126457114
126457114
126457114
126457114
126457114
126457114
876311259
961691974
505575238
Invalid
302523425
Invalid
769310567
Invalid
769310567
1980425
Invalid
Invalid
910513389
Invalid
Invalid
463872048
463872048
78469376
78469376
Invalid
78469376
554727821
554727821
341784744
341784744
1980425
789045837
Invalid
789045837
Invalid
Invalid
Invalid
Invalid
Invalid
Invalid
699302008
Invalid
Invalid
891938651
891938651
891938651
Invalid
Invalid
Invalid
891938651
Invalid
891938651
Invalid
543506268
Invalid
Invalid
Invalid
Invalid
622347436
Invalid
148235365
201335661
Invalid
913241458
Invalid
306166351
306166351
Invalid
343383055
343383055
Invalid
Invalid
264389491
279309361
Invalid
Invalid
Invalid
Invalid
306166351
91000269
759229861
759229861
Invalid
356522933
926614526
Invalid
Invalid
Invalid
975714839
Invalid
Invalid
424832728
424832728
424832728
Invalid
Invalid
486213380
557737582
Invalid
264389491
Invalid
10795269
Invalid
10795269
Invalid
Invalid
333084344
Invalid
571862210
Invalid
820731077
820731077
Invalid
609419086
820731077
820731077
820731077
935563734
2724994
845651662
Invalid
968170837
44814569
82111311
96780495
668738719
732802268
96780495
Invalid
Invalid
Invalid
154532454
154532454
154532454
Invalid
813037462
813037462
813037462
802490102
802490102
802490102
Invalid
649537733
605016472
Invalid
Invalid
Invalid
Invalid
732802268
173509028
Invalid
Invalid
853432669
853432669
853432669
885692905
28042820
596167856
Invalid
596167856
596167856
Invalid
653970113
Invalid
967400496
Invalid
Invalid
164320418
164320418
628294124
Invalid
Invalid
Invalid
164320418
Invalid
582585051
614227224
Invalid
Invalid
72431637
Invalid
28042820
Invalid
Invalid
Invalid
Invalid
28042820
28042820
607206211
Invalid
Invalid
936696897
936696897
936696897
Invalid
Invalid
Invalid
936696897
Invalid
Invalid
59580960
Invalid
856264905
Invalid
557641796
Invalid
Invalid
473704705
473704705
Invalid
Invalid
801157487
801157487
912123447
Invalid
Invalid
634213424
634213424
634213424
Invalid
Invalid
856264905
570381483
412482402
