0
905088515
Invalid
Invalid
905088515
905088515
Invalid
799613524
799613524
799613524
Invalid
Invalid
Invalid
Invalid
905088515
Invalid
Invalid
Invalid
Invalid
452174873
Invalid
Invalid
Invalid
Invalid
Invalid
463833704
463833704
Invalid
Invalid
463833704
463833704
827268945
Invalid
Invalid
827268945
827268945
827268945
866155555
Invalid
866155555
866155555
866155555
Invalid
Invalid
640768532
640768532
640768532
Invalid
640768532
640768532
Invalid
864062430
Invalid
Invalid
Invalid
559942478
Invalid
559942478
Invalid
Invalid
621350840
621350840
514882513
Invalid
Invalid
Invalid
Invalid
831937475
582019728
Invalid
Invalid
582019728
Invalid
Invalid
Invalid
117871554
Invalid
Invalid
Invalid
Invalid
Invalid
984176443
Invalid
830925264
Invalid
830925264
830925264
456300291
924656064
877654415
Invalid
628272259
Invalid
Invalid
419421646
Invalid
374303567
419421646
419421646
419421646
Invalid
419421646
419421646
Invalid
Invalid
Invalid
Invalid
Invalid
877657095
877657095
Invalid
877657095
375112990
375112990
Invalid
525531157
835481790
Invalid
835481790
375112990
375112990
419421646
Invalid
Invalid
391150690
Invalid
Invalid
Invalid
Invalid
80490991
375112990
Invalid
Invalid
Invalid
Invalid
Invalid
Invalid
981032653
Invalid
981032653
981032653
Invalid
724658588
Invalid
Invalid
Invalid
724658588
Invalid
906450152
80490991
Invalid
271592538
271592538
Invalid
194784808
194784808
162408482
162408482
Invalid
194784808
Invalid
Invalid
Invalid
Invalid
488734318
488734318
Invalid
488734318
488734318
488734318
Invalid
685171795
Invalid
685171795
685171795
835481790
357127984
357127984
357127984
882546792
615690066
Invalid
Invalid
543948800
Invalid
543948800
Invalid
Invalid
Invalid
56937615
371627922
Invalid
Invalid
540687248
575937854
575937854
Invalid
Invalid
Invalid
Invalid
Invalid
383717380
383717380
716783486
Invalid
Invalid
Invalid
161673185
Invalid
464495451
Invalid
913370105
913370105
916627992
Invalid
Invalid
Invalid
Invalid
174463556
174463556
Invalid
Invalid
Invalid
Invalid
Invalid
Invalid
Invalid
Invalid
Invalid
Invalid
963663836
963663836
916627992
Invalid
Invalid
Invalid
Invalid
537840289
208336039
Invalid
701981622
Invalid
Invalid
701981622
701981622
Invalid
176801298
Invalid
Invalid
Invalid
Invalid
799221238
799221238
Invalid
Invalid
91529156
Invalid
Invalid
601055250
Invalid
Invalid
601055250
929096304
929096304
929096304
Invalid
Invalid
849062825
Invalid
791718868
Invalid
457841220
Invalid
Invalid
Invalid
Invalid
Invalid
Invalid
845209680
929096304
692697873
929096304
Invalid
Invalid
692697873
Invalid
724163731
724163731
724163731
724163731
Invalid
325419580
Invalid
Invalid
475397626
475397626
316143173
316143173
Invalid
316143173
316143173
Invalid
812532898
812532898
812532898
Invalid
Invalid
268917736
268917736
Invalid
268917736
30500509
Invalid
Invalid
Invalid
Invalid
351691685
994732319
430381543
Invalid
Invalid
Invalid
Invalid
Invalid
Invalid
Invalid
994732319
Invalid
398801040
Invalid
398801040
Invalid
398801040
Invalid
216933274
242353521
Invalid
126221505
126221505
Invalid
646150699
646150699
Invalid
732714174
Invalid
Invalid
39872821
Invalid
Invalid
130920022
130920022
Invalid
Invalid
130920022
130920022
130920022
Invalid
Invalid
489488627
Invalid
Invalid
489488627
968798661
Invalid
123766742
Invalid
313696569
Invalid
Invalid
313696569
Invalid
Invalid
14210673
Invalid
Invalid
14210673
14210673
Invalid
Invalid
Invalid
Invalid
713161001
Invalid
898227999
898227999
685905687
685905687
Invalid
492281811
492281811
Invalid
492281811
492281811
Invalid
Invalid
Invalid
Invalid
187090411
187090411
Invalid
Invalid
Invalid
296433950
Invalid
206882597
206882597
Invalid
Invalid
Invalid
423751168
Invalid
423751168
Invalid
Invalid
Invalid
715358965
Invalid
Invalid
Invalid
Invalid
715358965
Invalid
Invalid
Invalid
Invalid
Invalid
259168164
259168164
625234676
Invalid
Invalid
Invalid
Invalid
361177614
526105462
306464566
306464566
Invalid
306464566
Invalid
306464566
306464566
306464566
Invalid
Invalid
Invalid
399408903
854879462
Invalid
120486755
Invalid
58013429
Invalid
Invalid
Invalid
949285298
949285298
261356656
261356656
261356656
Invalid
Invalid
Invalid
534126158
570433628
570433628
Invalid
Invalid
Invalid
Invalid
Invalid
Invalid
Invalid
36558174
385588064
Invalid
413390576
413390576
Invalid
Invalid
Invalid
541757600
Invalid
Invalid
71840904
541757600
Invalid
Invalid
Invalid
Invalid
Invalid
433406359
436665956
436665956
Invalid
Invalid
444727982
Invalid
316983816
316983816
Invalid
541757600
Invalid
Invalid
127859315
977440483
977440483
Invalid
736011288
Invalid
Invalid
Invalid
92058123
Invalid
Invalid
92058123
521641759
Invalid
697249902
3335279
453152439
Invalid
488917767
488917767
610257261
976718462
Invalid
Invalid
