100
100
100
99
99
100
98
100
100
100
100
100
100
95
100
96
100
100
100
100
100
100
86
100
99
99
100
93
100
100
97
98
98
100
100
98
100
100
100
100
99
100
100
100
100
100
100
98
98
100
98
100
100
98
100
98
100
99
100
100
98
99
100
100
100
100
99
100
100
92
100
99
100
91
82
98
100
99
100
100
100
100
100
100
100
98
89
97
100
