97
97
54
97
97
99
99
99
97
95
22
42
99
99
97
72
99
99
42
97
89
97
97
99
99
99
32
82
99
95
90
99
32
97
93
99
32
99
97
32
99
42
93
79
99
99
97
99
99
97
42
99
97
99
95
99
99
99
97
93
42
95
99
93
93
95
99
89
99
99
99
90
99
99
42
95
99
42
93
97
