34
99
95
44
99
43
99
90
92
99
90
99
90
95
77
99
99
99
99
99
99
88
99
90
99
90
60
35
99
90
99
43
43
99
99
99
60
