18
100
100
98
99
100
100
100
98
97
75
96
100
77
72
100
100
74
100
77
89
95
100
100
100
99
98
95
98
100
99
98
100
97
96
87
98
96
96
41
89
95
97
87
100
97
86
95
87
94
71
100
80
63
95
99
97
33
