100
100
99
100
99
100
100
100
77
100
100
99
94
100
100
100
99
99
22
97
88
100
100
100
97
100
100
91
100
97
100
99
100
100
100
100
92
100
99
99
