100
100
99
100
100
100
97
100
100
100
100
99
99
93
99
100
64
100
100
100
100
97
100
97
100
99
95
100
98
100
63
99
100
95
98
93
100
98
99
27
100
91
100
100
100
100
100
100
100
100
100
100
94
98
94
100
100
92
97
96
99
100
59
100
100
100
100
100
100
100
85
100
57
99
100
98
100
100
99
99
100
78
100
100
100
100
100
100
100
100
35
99
100
92
