100
100
100
100
96
41
97
100
100
100
99
100
100
99
97
99
100
100
100
99
100
98
97
100
100
94
100
99
100
100
99
100
95
99
100
100
100
100
95
99
100
