black
black
black
white
black
black
white
white
black
black
black
white
black
black
white
black
black
white
black
black
white
black
white
black
black
black
black
white
white
black
