none
white
white
black
none
black
black
white
none
white
black
black
none
black
white
black
none
white
white
white
none
black
white
black
none
white
black
black
none
black
