none
black
white
white
black
none
none
black
black
black
white
none
none
black
black
black
white
none
none
black
black
black
white
none
none
black
white
white
black
none
none
white
black
black
black
none
none
white
white
white
black
none
none
black
black
white
black
none
none
white
white
white
white
none
none
white
white
black
black
none
none
white
white
black
black
none
none
white
white
black
black
none
none
black
black
white
black
none
none
white
black
black
black
none
none
white
white
white
white
none
none
black
white
white
black
none
none
black
white
black
