1 4 5 8 9 12 13 16 17 20 21 24 25 28 29 32 33 36
2 3 6 7 10 11 14 15 18 19 22 23 26 27 30 31 34 35
