1 18 19 36 37 54 55 72 73 90 91 108 109 126 127 144 145 162 163 180 181 198 199 216 217 234 235 252 253 270
2 17 20 35 38 53 56 71 74 89 92 107 110 125 128 143 146 161 164 179 182 197 200 215 218 233 236 251 254 269
3 16 21 34 39 52 57 70 75 88 93 106 111 124 129 142 147 160 165 178 183 196 201 214 219 232 237 250 255 268
4 15 22 33 40 51 58 69 76 87 94 105 112 123 130 141 148 159 166 177 184 195 202 213 220 231 238 249 256 267
5 14 23 32 41 50 59 68 77 86 95 104 113 122 131 140 149 158 167 176 185 194 203 212 221 230 239 248 257 266
6 13 24 31 42 49 60 67 78 85 96 103 114 121 132 139 150 157 168 175 186 193 204 211 222 229 240 247 258 265
7 12 25 30 43 48 61 66 79 84 97 102 115 120 133 138 151 156 169 174 187 192 205 210 223 228 241 246 259 264
8 11 26 29 44 47 62 65 80 83 98 101 116 119 134 137 152 155 170 173 188 191 206 209 224 227 242 245 260 263
9 10 27 28 45 46 63 64 81 82 99 100 117 118 135 136 153 154 171 172 189 190 207 208 225 226 243 244 261 262
