399998315
299999518
299999518
399998315
299999518
299999518
299999518
399998315
299999518
299999444
299999444
399998315
299999444
299999444
299999444
399998315
299999444
300000012
299999523
300000012
300000012
300000012
299999878
300000012
299999523
300000012
300000012
300000012
299999878
300000012
299999523
299999523
299999523
399998315
299999523
300000012
300000012
299999878
300000012
300000012
299999878
300000012
299999878
300000012
299999878
299999523
300000012
300000012
299999523
399998315
399998315
299999523
300000012
299999523
299999878
300000012
299999523
299999523
300000012
300000012
299999878
299999444
299999878
299999878
299999878
299999444
300000012
300000012
399998315
299999878
299999444
300000012
299999444
299999878
300000012
299999444
300000012
299999878
300000012
299999878
299999444
299999878
299999878
399998315
399998315
299999523
299999878
300000012
299999878
299999878
299999523
399998315
299999878
300000012
299999444
299999878
300000012
299999523
300000012
299999878
