398630021 632939232 667584659 79866982 398630021
690430685 753287868 291882089 365329221 564718673
398630021 79866982 753287868 564718673 412106895
398630021 657489855 79866982 79866982 373282330
667584659 358502890 690430685 365329221 667584659
